// Jest Snapshot v1, https://goo.gl/fbAQLP

exports[`App Testing of App.js 1`] = `
Object {
  "asFragment": [Function],
  "baseElement": <body>
    <div>
      <div>
        <header
          id="header-container"
        >
          <div
            class="NavDiv"
          >
            <div
              class="NavImg"
            >
              <img
                alt=""
                height="50px"
                src="planet.png"
                width="50px"
              />
              <h2>
                Space travelers Hubs
              </h2>
            </div>
            <nav
              id="nav-container"
            >
              <ul>
                <li>
                  <a
                    activeclassname="active"
                    aria-current="page"
                    class="active"
                    href="/"
                  >
                    Rockets
                  </a>
                </li>
                <li>
                  <a
                    activeclassname="active"
                    class=""
                    href="/missions"
                  >
                    Missions
                  </a>
                </li>
                <hr
                  class="pages-line"
                />
                <li>
                  <a
                    activeclassname="active"
                    class=""
                    href="/profile"
                  >
                    My Profile
                  </a>
                </li>
              </ul>
            </nav>
          </div>
          <hr />
        </header>
        <div
          class="rocket-container"
        />
      </div>
    </div>
  </body>,
  "container": <div>
    <div>
      <header
        id="header-container"
      >
        <div
          class="NavDiv"
        >
          <div
            class="NavImg"
          >
            <img
              alt=""
              height="50px"
              src="planet.png"
              width="50px"
            />
            <h2>
              Space travelers Hubs
            </h2>
          </div>
          <nav
            id="nav-container"
          >
            <ul>
              <li>
                <a
                  activeclassname="active"
                  aria-current="page"
                  class="active"
                  href="/"
                >
                  Rockets
                </a>
              </li>
              <li>
                <a
                  activeclassname="active"
                  class=""
                  href="/missions"
                >
                  Missions
                </a>
              </li>
              <hr
                class="pages-line"
              />
              <li>
                <a
                  activeclassname="active"
                  class=""
                  href="/profile"
                >
                  My Profile
                </a>
              </li>
            </ul>
          </nav>
        </div>
        <hr />
      </header>
      <div
        class="rocket-container"
      />
    </div>
  </div>,
  "debug": [Function],
  "findAllByAltText": [Function],
  "findAllByDisplayValue": [Function],
  "findAllByLabelText": [Function],
  "findAllByPlaceholderText": [Function],
  "findAllByRole": [Function],
  "findAllByTestId": [Function],
  "findAllByText": [Function],
  "findAllByTitle": [Function],
  "findByAltText": [Function],
  "findByDisplayValue": [Function],
  "findByLabelText": [Function],
  "findByPlaceholderText": [Function],
  "findByRole": [Function],
  "findByTestId": [Function],
  "findByText": [Function],
  "findByTitle": [Function],
  "getAllByAltText": [Function],
  "getAllByDisplayValue": [Function],
  "getAllByLabelText": [Function],
  "getAllByPlaceholderText": [Function],
  "getAllByRole": [Function],
  "getAllByTestId": [Function],
  "getAllByText": [Function],
  "getAllByTitle": [Function],
  "getByAltText": [Function],
  "getByDisplayValue": [Function],
  "getByLabelText": [Function],
  "getByPlaceholderText": [Function],
  "getByRole": [Function],
  "getByTestId": [Function],
  "getByText": [Function],
  "getByTitle": [Function],
  "queryAllByAltText": [Function],
  "queryAllByDisplayValue": [Function],
  "queryAllByLabelText": [Function],
  "queryAllByPlaceholderText": [Function],
  "queryAllByRole": [Function],
  "queryAllByTestId": [Function],
  "queryAllByText": [Function],
  "queryAllByTitle": [Function],
  "queryByAltText": [Function],
  "queryByDisplayValue": [Function],
  "queryByLabelText": [Function],
  "queryByPlaceholderText": [Function],
  "queryByRole": [Function],
  "queryByTestId": [Function],
  "queryByText": [Function],
  "queryByTitle": [Function],
  "rerender": [Function],
  "unmount": [Function],
}
`;
